AR mux behavioral C:/Users/sed/Desktop/prueba/timer/mux.vhd sub00/vhpl09 1452855325
AR post_div behavioral C:/Users/sed/Desktop/prueba/timer/post_div.vhd sub00/vhpl07 1452855323
EN prescalersimple NULL C:/Users/sed/Desktop/prueba/timer/prescalersimple.vhd sub00/vhpl14 1452855318
AR div behavioral C:/Users/sed/Desktop/prueba/timer/div.vhd sub00/vhpl05 1452848826
EN div NULL C:/Users/sed/Desktop/prueba/timer/div.vhd sub00/vhpl04 1452848825
AR prescalersimple behavioral C:/Users/sed/Desktop/prueba/timer/prescalersimple.vhd sub00/vhpl15 1452855319
AR prescaler behavioral C:/Users/sed/Desktop/prueba/timer/prescaler.vhd sub00/vhpl01 1452855317
EN top NULL C:/Users/sed/Desktop/prueba/timer/top.vhd sub00/vhpl12 1452855328
AR decoder dataflow C:/Users/sed/Desktop/prueba/timer/decoder.vhd sub00/vhpl11 1452855327
EN post_div NULL C:/Users/sed/Desktop/prueba/timer/post_div.vhd sub00/vhpl06 1452855322
EN mux NULL C:/Users/sed/Desktop/prueba/timer/mux.vhd sub00/vhpl08 1452855324
EN prescaler NULL C:/Users/sed/Desktop/prueba/timer/prescaler.vhd sub00/vhpl00 1452855316
EN decoder NULL C:/Users/sed/Desktop/prueba/timer/decoder.vhd sub00/vhpl10 1452855326
AR cont behavioral C:/Users/sed/Desktop/prueba/timer/cont.vhd sub00/vhpl03 1452855321
AR top behavioral C:/Users/sed/Desktop/prueba/timer/top.vhd sub00/vhpl13 1452855329
EN cont NULL C:/Users/sed/Desktop/prueba/timer/cont.vhd sub00/vhpl02 1452855320
